// Jest Snapshot v1, https://goo.gl/fbAQLP

exports[`<Container /> should match default snapshot 1`] = `ShallowWrapper {}`;
