// Jest Snapshot v1, https://goo.gl/fbAQLP

exports[`<Label /> should match default snapshot 1`] = `ShallowWrapper {}`;
