// Jest Snapshot v1, https://goo.gl/fbAQLP

exports[`<Button /> should match default snapshot 1`] = `ShallowWrapper {}`;
