// Jest Snapshot v1, https://goo.gl/fbAQLP

exports[`<Alert /> should match default snapshot 1`] = `ShallowWrapper {}`;
