// Jest Snapshot v1, https://goo.gl/fbAQLP

exports[`<Table /> should match default snapshot 1`] = `ShallowWrapper {}`;
