// Jest Snapshot v1, https://goo.gl/fbAQLP

exports[`<Loading /> should match default snapshot 1`] = `ShallowWrapper {}`;
